2026-09-18 07:00:48.801: [INFO] CurrentProfilePath: C:\Users\901191\Music\Generate Daily\Kibana Report\edge_bot_profile\Default
2026-09-18 07:00:48.801: [INFO] Profiles total count: 1
2026-09-18 07:00:48.801: [INFO] Profile: name=Profile 1 path=C:\Users\901191\Music\Generate Daily\Kibana Report\edge_bot_profile\Default lastActive=null
2026-09-18 07:00:48.801: [INFO] LastUsedProfileDir: C:\Users\901191\Music\Generate Daily\Kibana Report\edge_bot_profile\Default
2026-09-18 07:00:48.801: [INFO] VisibilityChanged: 0
2026-09-18 07:00:48.845: [INFO] OnDoneLoading sync enabled: 0
2026-09-18 07:00:48.845: [INFO] BookmarkModelLoaded, ids_reassigned: 0
2026-09-18 07:00:48.845: [INFO] BookmarksLoadDropped droppedNodes=0
2026-09-18 07:00:48.845: [INFO] BookmarksSnapshot Startup total=0 bar=0 other=0 mobile=0 showBar=0 showBarNTP=1
2026-09-18 07:05:25.698: [INFO] BookmarksSnapshot Shutdown total=0 bar=0 other=0 mobile=0 showBar=0 showBarNTP=1
2026-09-21 03:16:40.855: [INFO] CurrentProfilePath: C:\Users\901191\Music\Automasi EFS\Kibana Report\edge_bot_profile\Default
2026-09-21 03:16:40.855: [INFO] Profiles total count: 1
2026-09-21 03:16:40.856: [INFO] Profile: name=Profile 1 path=C:\Users\901191\Music\Automasi EFS\Kibana Report\edge_bot_profile\Default lastActive=2026-09-18T07:00:48.821Z
2026-09-21 03:16:40.856: [INFO] LastUsedProfileDir: C:\Users\901191\Music\Automasi EFS\Kibana Report\edge_bot_profile\Default
2026-09-21 03:16:40.856: [INFO] MostRecentlyActiveProfile: name=Profile 1 path=C:\Users\901191\Music\Automasi EFS\Kibana Report\edge_bot_profile\Default lastActive=2026-09-18T07:00:48.821Z
2026-09-21 03:16:40.856: [INFO] VisibilityChanged: 0
2026-09-21 03:16:40.901: [INFO] OnDoneLoading sync enabled: 0
2026-09-21 03:16:40.901: [INFO] BookmarkModelLoaded, ids_reassigned: 0
2026-09-21 03:16:40.901: [INFO] BookmarksLoadDropped droppedNodes=0
2026-09-21 03:16:40.901: [INFO] BookmarksSnapshot Startup total=0 bar=0 other=0 mobile=0 showBar=0 showBarNTP=1
2026-09-21 03:21:18.880: [INFO] BookmarksSnapshot Shutdown total=0 bar=0 other=0 mobile=0 showBar=0 showBarNTP=1
2026-09-25 07:05:17.313: [INFO] CurrentProfilePath: C:\Users\901191\Music\Automasi EFS\Generate Kibana Report\edge_bot_profile\Default
2026-09-25 07:05:17.313: [INFO] Profiles total count: 1
2026-09-25 07:05:17.313: [INFO] Profile: name=Work path=C:\Users\901191\Music\Automasi EFS\Generate Kibana Report\edge_bot_profile\Default lastActive=2026-09-25T07:04:46.545Z
2026-09-25 07:05:17.313: [INFO] LastUsedProfileDir: C:\Users\901191\Music\Automasi EFS\Generate Kibana Report\edge_bot_profile\Default
2026-09-25 07:05:17.313: [INFO] MostRecentlyActiveProfile: name=Work path=C:\Users\901191\Music\Automasi EFS\Generate Kibana Report\edge_bot_profile\Default lastActive=2026-09-25T07:04:46.545Z
2026-09-25 07:05:17.313: [INFO] VisibilityChanged: 0
2026-09-25 07:05:17.409: [INFO] OnDoneLoading sync enabled: 0
2026-09-25 07:05:17.409: [INFO] BookmarkModelLoaded, ids_reassigned: 0
2026-09-25 07:05:17.409: [INFO] BookmarksLoadDropped droppedNodes=0
2026-09-25 07:05:17.409: [INFO] BookmarksSnapshot Startup total=0 bar=0 other=0 mobile=0 showBar=0 showBarNTP=1
2026-09-25 07:56:13.974: [INFO] CurrentProfilePath: C:\Users\901191\Music\Automasi EFS\Generate Kibana Report\edge_bot_profile\Default
2026-09-25 07:56:13.974: [INFO] Profiles total count: 1
2026-09-25 07:56:13.976: [INFO] Profile: name=Work path=C:\Users\901191\Music\Automasi EFS\Generate Kibana Report\edge_bot_profile\Default lastActive=2026-09-25T07:05:17.355Z
2026-09-25 07:56:13.976: [INFO] LastUsedProfileDir: C:\Users\901191\Music\Automasi EFS\Generate Kibana Report\edge_bot_profile\Default
2026-09-25 07:56:13.976: [INFO] MostRecentlyActiveProfile: name=Work path=C:\Users\901191\Music\Automasi EFS\Generate Kibana Report\edge_bot_profile\Default lastActive=2026-09-25T07:05:17.355Z
2026-09-25 07:56:13.976: [INFO] VisibilityChanged: 0
2026-09-25 07:56:14.033: [INFO] OnDoneLoading sync enabled: 0
2026-09-25 07:56:14.033: [INFO] BookmarkModelLoaded, ids_reassigned: 0
2026-09-25 07:56:14.033: [INFO] BookmarksLoadDropped droppedNodes=0
2026-09-25 07:56:14.033: [INFO] BookmarksSnapshot Startup total=0 bar=0 other=0 mobile=0 showBar=0 showBarNTP=1
2026-09-25 07:57:44.894: [INFO] BookmarksSnapshot Shutdown total=0 bar=0 other=0 mobile=0 showBar=0 showBarNTP=1
2026-09-25 08:31:11.035: [INFO] CurrentProfilePath: C:\Users\901191\Music\Automasi EFS\Generate Kibana Report\edge_bot_profile\Default
2026-09-25 08:31:11.035: [INFO] Profiles total count: 1
2026-09-25 08:31:11.036: [INFO] Profile: name=Work path=C:\Users\901191\Music\Automasi EFS\Generate Kibana Report\edge_bot_profile\Default lastActive=2026-09-25T07:56:14.007Z
2026-09-25 08:31:11.036: [INFO] LastUsedProfileDir: C:\Users\901191\Music\Automasi EFS\Generate Kibana Report\edge_bot_profile\Default
2026-09-25 08:31:11.036: [INFO] MostRecentlyActiveProfile: name=Work path=C:\Users\901191\Music\Automasi EFS\Generate Kibana Report\edge_bot_profile\Default lastActive=2026-09-25T07:56:14.007Z
2026-09-25 08:31:11.036: [INFO] VisibilityChanged: 0
2026-09-25 08:31:11.098: [INFO] OnDoneLoading sync enabled: 0
2026-09-25 08:31:11.098: [INFO] BookmarkModelLoaded, ids_reassigned: 0
2026-09-25 08:31:11.098: [INFO] BookmarksLoadDropped droppedNodes=0
2026-09-25 08:31:11.098: [INFO] BookmarksSnapshot Startup total=0 bar=0 other=0 mobile=0 showBar=0 showBarNTP=1
2026-09-25 09:12:52.035: [INFO] CurrentProfilePath: C:\Users\901191\Music\Automasi EFS\Generate Kibana Report\edge_bot_profile\Default
2026-09-25 09:12:52.035: [INFO] Profiles total count: 1
2026-09-25 09:12:52.036: [INFO] Profile: name=Work path=C:\Users\901191\Music\Automasi EFS\Generate Kibana Report\edge_bot_profile\Default lastActive=2026-09-25T08:31:11.066Z
2026-09-25 09:12:52.036: [INFO] LastUsedProfileDir: C:\Users\901191\Music\Automasi EFS\Generate Kibana Report\edge_bot_profile\Default
2026-09-25 09:12:52.036: [INFO] MostRecentlyActiveProfile: name=Work path=C:\Users\901191\Music\Automasi EFS\Generate Kibana Report\edge_bot_profile\Default lastActive=2026-09-25T08:31:11.066Z
2026-09-25 09:12:52.036: [INFO] VisibilityChanged: 0
2026-09-25 09:12:52.167: [INFO] OnDoneLoading sync enabled: 0
2026-09-25 09:12:52.167: [INFO] BookmarkModelLoaded, ids_reassigned: 0
2026-09-25 09:12:52.167: [INFO] BookmarksLoadDropped droppedNodes=0
2026-09-25 09:12:52.167: [INFO] BookmarksSnapshot Startup total=0 bar=0 other=0 mobile=0 showBar=0 showBarNTP=1
2026-09-25 09:14:18.337: [INFO] BookmarksSnapshot Shutdown total=0 bar=0 other=0 mobile=0 showBar=0 showBarNTP=1
